
> react-kavia@0.1.0 start
> cross-env EDIT_MODE=true webpack serve --config .ve/webpack.config.js --mode development

<i> [webpack-dev-server] Project is running at:
<i> [webpack-dev-server] Loopback: http://localhost:3000/, http://[::1]:3000/
<i> [webpack-dev-server] On Your Network (IPv4): http://172.17.0.2:3000/
<i> [webpack-dev-server] Content not from webpack is served from './public' directory
<i> [webpack-dev-middleware] wait until bundle finished: /
<i> [webpack-dev-middleware] wait until bundle finished: /
<i> [webpack-dev-middleware] wait until bundle finished: /
<i> [webpack-dev-middleware] wait until bundle finished: /
Injecting EditorRootWrapper import: ../.ve/EditorRootWrapper
asset bundle.js 1.4 MiB [emitted] (name: main)
asset index.html 1.98 KiB [emitted]
runtime modules 27.5 KiB 14 modules
modules by path ./node_modules/ 1.24 MiB 31 modules
modules by path ./src/ 19.1 KiB
  modules by path ./src/*.css 10 KiB 4 modules
  modules by path ./src/*.js 9.09 KiB
    ./src/index.js 530 bytes [built] [code generated]
    ./src/App.js 8.57 KiB [built] [code generated]
modules by path ./.ve/ 15.1 KiB
  modules by path ./.ve/*.js 10.6 KiB 2 modules
  modules by path ./.ve/*.css 2.93 KiB
    ./.ve/EditorOverlay.css 2.25 KiB [built] [code generated]
    ./node_modules/css-loader/dist/cjs.js!./.ve/EditorOverlay.css 697 bytes [built] [code generated]
  ./.ve/EditorOverlay.jsx 1.58 KiB [built] [code generated]
webpack 5.99.9 compiled successfully in 3209 ms
assets by status 1.98 KiB [cached] 1 asset
assets by path *.js 1.41 MiB
  asset bundle.js 1.4 MiB [emitted] (name: main)
  asset main.4b513e9f2e171f51d984.hot-update.js 7.49 KiB [emitted] [immutable] [hmr] (name: main)
asset main.4b513e9f2e171f51d984.hot-update.json 28 bytes [emitted] [immutable] [hmr]
Entrypoint main 1.41 MiB = bundle.js 1.4 MiB main.4b513e9f2e171f51d984.hot-update.js 7.49 KiB
cached modules 1.27 MiB [cached] 41 modules
runtime modules 27.5 KiB 14 modules
./node_modules/css-loader/dist/cjs.js!./src/App.css 4.9 KiB [built] [code generated]
webpack 5.99.9 compiled successfully in 142 ms
assets by status 1.98 KiB [cached] 1 asset
assets by path *.js 1.41 MiB
  asset bundle.js 1.4 MiB [emitted] (name: main)
  asset main.05ced00378399413115b.hot-update.js 7.52 KiB [emitted] [immutable] [hmr] (name: main)
asset main.05ced00378399413115b.hot-update.json 28 bytes [emitted] [immutable] [hmr]
Entrypoint main 1.41 MiB = bundle.js 1.4 MiB main.05ced00378399413115b.hot-update.js 7.52 KiB
cached modules 1.27 MiB [cached] 41 modules
runtime modules 27.5 KiB 14 modules
./node_modules/css-loader/dist/cjs.js!./src/App.css 4.93 KiB [built] [code generated]
webpack 5.99.9 compiled successfully in 57 ms
assets by status 1.98 KiB [cached] 1 asset
assets by path *.js 1.41 MiB
  asset bundle.js 1.4 MiB [emitted] (name: main)
  asset main.67a3056cfbe7be163c11.hot-update.js 7.65 KiB [emitted] [immutable] [hmr] (name: main)
asset main.67a3056cfbe7be163c11.hot-update.json 28 bytes [emitted] [immutable] [hmr]
Entrypoint main 1.41 MiB = bundle.js 1.4 MiB main.67a3056cfbe7be163c11.hot-update.js 7.65 KiB
cached modules 1.27 MiB [cached] 41 modules
runtime modules 27.5 KiB 14 modules
./node_modules/css-loader/dist/cjs.js!./src/App.css 5.05 KiB [built] [code generated]
webpack 5.99.9 compiled successfully in 64 ms
assets by status 1.98 KiB [cached] 1 asset
assets by path *.js 1.41 MiB
  asset bundle.js 1.4 MiB [emitted] (name: main)
  asset main.915f1efa0fa4f24026be.hot-update.js 8 KiB [emitted] [immutable] [hmr] (name: main)
asset main.915f1efa0fa4f24026be.hot-update.json 28 bytes [emitted] [immutable] [hmr]
Entrypoint main 1.41 MiB = bundle.js 1.4 MiB main.915f1efa0fa4f24026be.hot-update.js 8 KiB
cached modules 1.27 MiB [cached] 41 modules
runtime modules 27.5 KiB 14 modules
./node_modules/css-loader/dist/cjs.js!./src/App.css 5.39 KiB [built] [code generated]
webpack 5.99.9 compiled successfully in 70 ms
assets by status 1.98 KiB [cached] 1 asset
assets by path *.js 1.41 MiB
  asset bundle.js 1.4 MiB [emitted] (name: main)
  asset main.5d10631e5492126d173f.hot-update.js 8.14 KiB [emitted] [immutable] [hmr] (name: main)
asset main.5d10631e5492126d173f.hot-update.json 28 bytes [emitted] [immutable] [hmr]
Entrypoint main 1.41 MiB = bundle.js 1.4 MiB main.5d10631e5492126d173f.hot-update.js 8.14 KiB
cached modules 1.27 MiB [cached] 41 modules
runtime modules 27.5 KiB 14 modules
./node_modules/css-loader/dist/cjs.js!./src/App.css 5.53 KiB [built] [code generated]
webpack 5.99.9 compiled successfully in 71 ms
assets by status 1.98 KiB [cached] 1 asset
assets by path *.js 1.41 MiB
  asset bundle.js 1.4 MiB [emitted] (name: main)
  asset main.8b41e4c517b85a94c5b5.hot-update.js 8.19 KiB [emitted] [immutable] [hmr] (name: main)
asset main.8b41e4c517b85a94c5b5.hot-update.json 28 bytes [emitted] [immutable] [hmr]
Entrypoint main 1.41 MiB = bundle.js 1.4 MiB main.8b41e4c517b85a94c5b5.hot-update.js 8.19 KiB
cached modules 1.27 MiB [cached] 41 modules
runtime modules 27.5 KiB 14 modules
./node_modules/css-loader/dist/cjs.js!./src/App.css 5.57 KiB [built] [code generated]
webpack 5.99.9 compiled successfully in 86 ms
assets by status 1.98 KiB [cached] 1 asset
assets by path *.js 1.41 MiB
  asset bundle.js 1.4 MiB [emitted] (name: main)
  asset main.3581b78dc5146b475bb0.hot-update.js 8.54 KiB [emitted] [immutable] [hmr] (name: main)
asset main.3581b78dc5146b475bb0.hot-update.json 28 bytes [emitted] [immutable] [hmr]
Entrypoint main 1.41 MiB = bundle.js 1.4 MiB main.3581b78dc5146b475bb0.hot-update.js 8.54 KiB
cached modules 1.27 MiB [cached] 41 modules
runtime modules 27.5 KiB 14 modules
./node_modules/css-loader/dist/cjs.js!./src/App.css 5.92 KiB [built] [code generated]
webpack 5.99.9 compiled successfully in 66 ms
assets by status 1.98 KiB [cached] 1 asset
assets by path *.js 1.41 MiB
  asset bundle.js 1.4 MiB [emitted] (name: main)
  asset main.fae70d48494ec7ae042a.hot-update.js 8.9 KiB [emitted] [immutable] [hmr] (name: main)
asset main.fae70d48494ec7ae042a.hot-update.json 28 bytes [emitted] [immutable] [hmr]
Entrypoint main 1.41 MiB = bundle.js 1.4 MiB main.fae70d48494ec7ae042a.hot-update.js 8.9 KiB
cached modules 1.27 MiB [cached] 41 modules
runtime modules 27.5 KiB 14 modules
./node_modules/css-loader/dist/cjs.js!./src/App.css 6.26 KiB [built] [code generated]
webpack 5.99.9 compiled successfully in 61 ms
assets by status 1.98 KiB [cached] 1 asset
assets by path *.js 1.41 MiB
  asset bundle.js 1.4 MiB [emitted] (name: main)
  asset main.89f180eccc935312005a.hot-update.js 8.92 KiB [emitted] [immutable] [hmr] (name: main)
asset main.89f180eccc935312005a.hot-update.json 28 bytes [emitted] [immutable] [hmr]
Entrypoint main 1.41 MiB = bundle.js 1.4 MiB main.89f180eccc935312005a.hot-update.js 8.92 KiB
cached modules 1.27 MiB [cached] 41 modules
runtime modules 27.5 KiB 14 modules
./node_modules/css-loader/dist/cjs.js!./src/App.css 6.28 KiB [built] [code generated]
webpack 5.99.9 compiled successfully in 71 ms
assets by status 1.98 KiB [cached] 1 asset
assets by path *.js 1.42 MiB
  asset bundle.js 1.4 MiB [emitted] (name: main)
  asset main.cb3f6601ba3d7ba9db37.hot-update.js 12.3 KiB [emitted] [immutable] [hmr] (name: main)
asset main.cb3f6601ba3d7ba9db37.hot-update.json 28 bytes [emitted] [immutable] [hmr]
Entrypoint main 1.42 MiB = bundle.js 1.4 MiB main.cb3f6601ba3d7ba9db37.hot-update.js 12.3 KiB
cached modules 1.27 MiB [cached] 41 modules
runtime modules 27.5 KiB 14 modules
./src/App.js 8.69 KiB [built] [code generated]
webpack 5.99.9 compiled successfully in 200 ms
